test_public_delegate_preserves_read_only_result (test_handoff_delegate.HandoffDelegate.test_public_delegate_preserves_read_only_result) ... ok
test_explicit_skill_is_honored_by_cli (test_harness.ExplicitCLI.test_explicit_skill_is_honored_by_cli) ... ok
test_explicit_route_and_authority_reuse (test_harness.Harness.test_explicit_route_and_authority_reuse) ... ok
test_public_delegate_works_from_space_chinese_path (test_harness.Harness.test_public_delegate_works_from_space_chinese_path) ... ok
test_unknown_partial_and_zero_exit_never_trigger_replay (test_harness.Harness.test_unknown_partial_and_zero_exit_never_trigger_replay) ... ok
test_unknown_protocol_and_missing_run_id_fail (test_harness.Harness.test_unknown_protocol_and_missing_run_id_fail) ... ok
test_formal_lock_format_never_claims_remote_verification (test_provenance.FormalOfflineIdentity.test_formal_lock_format_never_claims_remote_verification) ... ok
test_reject_false_identity_and_invalid_manifest (test_provenance.Provenance.test_reject_false_identity_and_invalid_manifest) ... ok
test_self_contained_snapshot_and_unpublished_identity (test_snapshot.SnapshotContract.test_self_contained_snapshot_and_unpublished_identity) ... ok
test_compatibility_manifest_is_generated_from_portable (test_update_and_manifest.Updates.test_compatibility_manifest_is_generated_from_portable) ... ok
test_missing_replaced_component_rejected (test_update_and_manifest.Updates.test_missing_replaced_component_rejected) ... ok
test_update_preserves_user_data_rejects_rollback_and_legacy (test_update_and_manifest.Updates.test_update_preserves_user_data_rejects_rollback_and_legacy) ... FAIL

======================================================================
FAIL: test_update_preserves_user_data_rejects_rollback_and_legacy (test_update_and_manifest.Updates.test_update_preserves_user_data_rejects_rollback_and_legacy)
----------------------------------------------------------------------
Traceback (most recent call last):
  File "/Users/wandl/workspaces/workspace-agent-skills/full-aigc-plugins-repositories/printcraft-plugin/tests/test_update_and_manifest.py", line 21, in test_update_preserves_user_data_rejects_rollback_and_legacy
    with self.assertRaisesRegex(ValueError,'rollback'):m.check(new,old,data)
         ~~~~~~~~~~~~~~~~~~~~~~^^^^^^^^^^^^^^^^^^^^^^^
AssertionError: ValueError not raised

----------------------------------------------------------------------
Ran 12 tests in 0.652s

FAILED (failures=1)
