test_marketplace_host_metadata_is_generated_without_identity_drift (test_update_and_manifest.ReleaseHostManifests.test_marketplace_host_metadata_is_generated_without_identity_drift) ... ERROR
test_compatibility_manifest_is_generated_from_portable (test_update_and_manifest.Updates.test_compatibility_manifest_is_generated_from_portable) ... ok
test_missing_replaced_component_rejected (test_update_and_manifest.Updates.test_missing_replaced_component_rejected) ... ok
test_update_preserves_user_data_rejects_rollback_and_legacy (test_update_and_manifest.Updates.test_update_preserves_user_data_rejects_rollback_and_legacy) ... ok

======================================================================
ERROR: test_marketplace_host_metadata_is_generated_without_identity_drift (test_update_and_manifest.ReleaseHostManifests.test_marketplace_host_metadata_is_generated_without_identity_drift)
----------------------------------------------------------------------
Traceback (most recent call last):
  File "/Users/wandl/workspaces/workspace-agent-skills/full-aigc-plugins-repositories/printcraft-plugin/tests/test_update_and_manifest.py", line 37, in test_marketplace_host_metadata_is_generated_without_identity_drift
    host=json.loads((root/relative).read_text())
                    ~~~~~~~~~~~~~~~~~~~~~~~~~^^
  File "/opt/homebrew/Cellar/python@3.14/3.14.3_1/Frameworks/Python.framework/Versions/3.14/lib/python3.14/pathlib/__init__.py", line 787, in read_text
    with self.open(mode='r', encoding=encoding, errors=errors, newline=newline) as f:
         ~~~~~~~~~^^^^^^^^^^^^^^^^^^^^^^^^^^^^^^^^^^^^^^^^^^^^^^^^^^^^^^^^^^^^^
  File "/opt/homebrew/Cellar/python@3.14/3.14.3_1/Frameworks/Python.framework/Versions/3.14/lib/python3.14/pathlib/__init__.py", line 771, in open
    return io.open(self, mode, buffering, encoding, errors, newline)
           ~~~~~~~^^^^^^^^^^^^^^^^^^^^^^^^^^^^^^^^^^^^^^^^^^^^^^^^^^
FileNotFoundError: [Errno 2] No such file or directory: '/var/folders/_s/9_xnnkz141920t1yv5zhvd1r0000gn/T/tmpkvt5aqvq/plugin/.zcode-plugin/plugin.json'

----------------------------------------------------------------------
Ran 4 tests in 0.293s

FAILED (errors=1)
